stm32f4xx_hal_tim.c:265:19:HAL_TIM_Base_Init	16	static
stm32f4xx_hal_tim.c:317:19:HAL_TIM_Base_DeInit	16	static
stm32f4xx_hal_tim.c:353:13:HAL_TIM_Base_MspInit	40	static
stm32f4xx_hal_tim.c:377:13:HAL_TIM_Base_MspDeInit	16	static
stm32f4xx_hal_tim.c:393:19:HAL_TIM_Base_Start	24	static
stm32f4xx_hal_tim.c:422:19:HAL_TIM_Base_Stop	16	static
stm32f4xx_hal_tim.c:445:19:HAL_TIM_Base_Start_IT	24	static
stm32f4xx_hal_tim.c:471:19:HAL_TIM_Base_Stop_IT	16	static
stm32f4xx_hal_tim.c:492:19:HAL_TIM_Base_Start_DMA	32	static
stm32f4xx_hal_tim.c:551:19:HAL_TIM_Base_Stop_DMA	16	static
stm32f4xx_hal_tim.c:606:19:HAL_TIM_OC_Init	16	static
stm32f4xx_hal_tim.c:658:19:HAL_TIM_OC_DeInit	16	static
stm32f4xx_hal_tim.c:694:13:HAL_TIM_OC_MspInit	16	static
stm32f4xx_hal_tim.c:709:13:HAL_TIM_OC_MspDeInit	16	static
stm32f4xx_hal_tim.c:730:19:HAL_TIM_OC_Start	24	static
stm32f4xx_hal_tim.c:768:19:HAL_TIM_OC_Stop	16	static
stm32f4xx_hal_tim.c:800:19:HAL_TIM_OC_Start_IT	24	static
stm32f4xx_hal_tim.c:872:19:HAL_TIM_OC_Stop_IT	16	static
stm32f4xx_hal_tim.c:940:19:HAL_TIM_OC_Start_DMA	32	static
stm32f4xx_hal_tim.c:1082:19:HAL_TIM_OC_Stop_DMA	16	static
stm32f4xx_hal_tim.c:1179:19:HAL_TIM_PWM_Init	16	static
stm32f4xx_hal_tim.c:1231:19:HAL_TIM_PWM_DeInit	16	static
stm32f4xx_hal_tim.c:1267:13:HAL_TIM_PWM_MspInit	16	static
stm32f4xx_hal_tim.c:1282:13:HAL_TIM_PWM_MspDeInit	16	static
stm32f4xx_hal_tim.c:1303:19:HAL_TIM_PWM_Start	24	static
stm32f4xx_hal_tim.c:1341:19:HAL_TIM_PWM_Stop	16	static
stm32f4xx_hal_tim.c:1376:19:HAL_TIM_PWM_Start_IT	24	static
stm32f4xx_hal_tim.c:1447:19:HAL_TIM_PWM_Stop_IT	16	static
stm32f4xx_hal_tim.c:1515:19:HAL_TIM_PWM_Start_DMA	32	static
stm32f4xx_hal_tim.c:1656:19:HAL_TIM_PWM_Stop_DMA	16	static
stm32f4xx_hal_tim.c:1753:19:HAL_TIM_IC_Init	16	static
stm32f4xx_hal_tim.c:1805:19:HAL_TIM_IC_DeInit	16	static
stm32f4xx_hal_tim.c:1841:13:HAL_TIM_IC_MspInit	16	static
stm32f4xx_hal_tim.c:1856:13:HAL_TIM_IC_MspDeInit	16	static
stm32f4xx_hal_tim.c:1877:19:HAL_TIM_IC_Start	24	static
stm32f4xx_hal_tim.c:1909:19:HAL_TIM_IC_Stop	16	static
stm32f4xx_hal_tim.c:1935:19:HAL_TIM_IC_Start_IT	24	static
stm32f4xx_hal_tim.c:2000:19:HAL_TIM_IC_Stop_IT	16	static
stm32f4xx_hal_tim.c:2062:19:HAL_TIM_IC_Start_DMA	32	static
stm32f4xx_hal_tim.c:2197:19:HAL_TIM_IC_Stop_DMA	16	static
stm32f4xx_hal_tim.c:2292:19:HAL_TIM_OnePulse_Init	16	static
stm32f4xx_hal_tim.c:2351:19:HAL_TIM_OnePulse_DeInit	16	static
stm32f4xx_hal_tim.c:2387:13:HAL_TIM_OnePulse_MspInit	16	static
stm32f4xx_hal_tim.c:2402:13:HAL_TIM_OnePulse_MspDeInit	16	static
stm32f4xx_hal_tim.c:2421:19:HAL_TIM_OnePulse_Start	16	static
stm32f4xx_hal_tim.c:2457:19:HAL_TIM_OnePulse_Stop	16	static
stm32f4xx_hal_tim.c:2493:19:HAL_TIM_OnePulse_Start_IT	16	static
stm32f4xx_hal_tim.c:2535:19:HAL_TIM_OnePulse_Stop_IT	16	static
stm32f4xx_hal_tim.c:2605:19:HAL_TIM_Encoder_Init	32	static
stm32f4xx_hal_tim.c:2710:19:HAL_TIM_Encoder_DeInit	16	static
stm32f4xx_hal_tim.c:2746:13:HAL_TIM_Encoder_MspInit	16	static
stm32f4xx_hal_tim.c:2761:13:HAL_TIM_Encoder_MspDeInit	16	static
stm32f4xx_hal_tim.c:2781:19:HAL_TIM_Encoder_Start	16	static
stm32f4xx_hal_tim.c:2825:19:HAL_TIM_Encoder_Stop	16	static
stm32f4xx_hal_tim.c:2871:19:HAL_TIM_Encoder_Start_IT	16	static
stm32f4xx_hal_tim.c:2921:19:HAL_TIM_Encoder_Stop_IT	16	static
stm32f4xx_hal_tim.c:2975:19:HAL_TIM_Encoder_Start_DMA	24	static
stm32f4xx_hal_tim.c:3110:19:HAL_TIM_Encoder_Stop_DMA	16	static
stm32f4xx_hal_tim.c:3176:6:HAL_TIM_IRQHandler	16	static
stm32f4xx_hal_tim.c:3391:19:HAL_TIM_OC_ConfigChannel	24	static
stm32f4xx_hal_tim.c:3471:19:HAL_TIM_IC_ConfigChannel	24	static
stm32f4xx_hal_tim.c:3568:19:HAL_TIM_PWM_ConfigChannel	24	static
stm32f4xx_hal_tim.c:3683:19:HAL_TIM_OnePulse_ConfigChannel	56	static
stm32f4xx_hal_tim.c:3822:19:HAL_TIM_DMABurst_WriteStart	24	static
stm32f4xx_hal_tim.c:3991:19:HAL_TIM_DMABurst_WriteStop	24	static
stm32f4xx_hal_tim.c:4087:19:HAL_TIM_DMABurst_ReadStart	24	static
stm32f4xx_hal_tim.c:4251:19:HAL_TIM_DMABurst_ReadStop	24	static
stm32f4xx_hal_tim.c:4329:19:HAL_TIM_GenerateEvent	16	static
stm32f4xx_hal_tim.c:4366:19:HAL_TIM_ConfigOCrefClear	24	static
stm32f4xx_hal_tim.c:4490:19:HAL_TIM_ConfigClockSource	24	static
stm32f4xx_hal_tim.c:4642:19:HAL_TIM_ConfigTI1Input	24	static
stm32f4xx_hal_tim.c:4674:19:HAL_TIM_SlaveConfigSynchro	16	static
stm32f4xx_hal_tim.c:4714:19:HAL_TIM_SlaveConfigSynchro_IT	16	static
stm32f4xx_hal_tim.c:4757:10:HAL_TIM_ReadCapturedValue	24	static
stm32f4xx_hal_tim.c:4841:13:HAL_TIM_PeriodElapsedCallback	16	static
stm32f4xx_hal_tim.c:4856:13:HAL_TIM_PeriodElapsedHalfCpltCallback	16	static
stm32f4xx_hal_tim.c:4871:13:HAL_TIM_OC_DelayElapsedCallback	16	static
stm32f4xx_hal_tim.c:4886:13:HAL_TIM_IC_CaptureCallback	16	static
stm32f4xx_hal_tim.c:4901:13:HAL_TIM_IC_CaptureHalfCpltCallback	16	static
stm32f4xx_hal_tim.c:4916:13:HAL_TIM_PWM_PulseFinishedCallback	16	static
stm32f4xx_hal_tim.c:4931:13:HAL_TIM_PWM_PulseFinishedHalfCpltCallback	16	static
stm32f4xx_hal_tim.c:4946:13:HAL_TIM_TriggerCallback	16	static
stm32f4xx_hal_tim.c:4961:13:HAL_TIM_TriggerHalfCpltCallback	16	static
stm32f4xx_hal_tim.c:4976:13:HAL_TIM_ErrorCallback	16	static
stm32f4xx_hal_tim.c:5493:22:HAL_TIM_Base_GetState	16	static
stm32f4xx_hal_tim.c:5503:22:HAL_TIM_OC_GetState	16	static
stm32f4xx_hal_tim.c:5513:22:HAL_TIM_PWM_GetState	16	static
stm32f4xx_hal_tim.c:5523:22:HAL_TIM_IC_GetState	16	static
stm32f4xx_hal_tim.c:5533:22:HAL_TIM_OnePulse_GetState	16	static
stm32f4xx_hal_tim.c:5543:22:HAL_TIM_Encoder_GetState	16	static
stm32f4xx_hal_tim.c:5565:6:TIM_DMAError	24	static
stm32f4xx_hal_tim.c:5583:6:TIM_DMADelayPulseCplt	24	static
stm32f4xx_hal_tim.c:5624:6:TIM_DMADelayPulseHalfCplt	24	static
stm32f4xx_hal_tim.c:5665:6:TIM_DMACaptureCplt	24	static
stm32f4xx_hal_tim.c:5706:6:TIM_DMACaptureHalfCplt	24	static
stm32f4xx_hal_tim.c:5747:13:TIM_DMAPeriodElapsedCplt	24	static
stm32f4xx_hal_tim.c:5765:13:TIM_DMAPeriodElapsedHalfCplt	24	static
stm32f4xx_hal_tim.c:5783:13:TIM_DMATriggerCplt	24	static
stm32f4xx_hal_tim.c:5801:13:TIM_DMATriggerHalfCplt	24	static
stm32f4xx_hal_tim.c:5820:6:TIM_Base_SetConfig	24	static
stm32f4xx_hal_tim.c:5868:13:TIM_OC1_SetConfig	32	static
stm32f4xx_hal_tim.c:5943:6:TIM_OC2_SetConfig	32	static
stm32f4xx_hal_tim.c:6019:13:TIM_OC3_SetConfig	32	static
stm32f4xx_hal_tim.c:6093:13:TIM_OC4_SetConfig	32	static
stm32f4xx_hal_tim.c:6153:26:TIM_SlaveTimer_SetConfig	32	static
stm32f4xx_hal_tim.c:6284:6:TIM_TI1_SetConfig	32	static
stm32f4xx_hal_tim.c:6331:13:TIM_TI1_ConfigInputStage	32	static
stm32f4xx_hal_tim.c:6374:13:TIM_TI2_SetConfig	32	static
stm32f4xx_hal_tim.c:6414:13:TIM_TI2_ConfigInputStage	32	static
stm32f4xx_hal_tim.c:6457:13:TIM_TI3_SetConfig	32	static
stm32f4xx_hal_tim.c:6505:13:TIM_TI4_SetConfig	32	static
stm32f4xx_hal_tim.c:6548:13:TIM_ITRx_SetConfig	24	static
stm32f4xx_hal_tim.c:6578:6:TIM_ETR_SetConfig	32	static
stm32f4xx_hal_tim.c:6608:6:TIM_CCxChannelCmd	32	static
