main.c:30:5:main	640	static
main.c:82:6:Print_XYZ	144	static
main.c:107:6:Accel_Init	16	static
main.c:130:6:Accel_Offset_Cal	40	static
main.c:174:6:Accel_Get	40	static
main.c:200:6:LIS_Read	32	static
main.c:214:6:LIS_Write	32	static
main.c:227:6:uint82string	48	static
main.c:247:6:uint162string	64	static
main.c:275:6:int82string	32	static
main.c:300:6:int162string	32	static
main.c:327:6:dig2char	24	static
main.c:359:6:SystemClock_Config	88	static
main.c:404:13:MX_SPI1_Init	8	static
main.c:442:13:MX_USART1_UART_Init	8	static
main.c:470:13:MX_TIM_Init	64	static
main.c:510:13:MX_GPIO_Init	56	static
main.c:564:6:Error_Handler	4	static
